C51 COMPILER V9.60.0.0   EFM8BB52_BLINKY                                                   04/29/2025 17:06:31 PAGE 1   


C51 COMPILER V9.60.0.0, COMPILATION OF MODULE EFM8BB52_BLINKY
OBJECT MODULE PLACED IN .\src\EFM8BB52_Blinky.OBJ
COMPILER INVOKED BY: C:\SiliconLabs\SimplicityStudio\v5\developer\toolchains\keil_8051\9.60\BIN\C51.exe C:\Users\User\Si
                    -mplicityStudio\v5_workspace\6_Testing_I2C\src\EFM8BB52_Blinky.c OMF2 SMALL DEBUG OBJECTEXTEND ROM(LARGE) WARNINGLEVEL(2)
                    - FLOATFUZZY(3) OPTIMIZE(8,SPEED) DEFINE(DEBUG=1) INTVECTOR(0X0000) INTPROMOTE INCDIR(C:\Users\User\SimplicityStudio\v5_w
                    -orkspace\6_Testing_I2C\inc;C:/SiliconLabs/SimplicityStudio/v5/developer/sdks/8051/v4.3.1//kits/common/bsp;C:/SiliconLabs
                    -/SimplicityStudio/v5/developer/sdks/8051/v4.3.1//kits/EFM8BB52_BRD2701A/config;C:/SiliconLabs/SimplicityStudio/v5/develo
                    -per/sdks/8051/v4.3.1//Device/shared/si8051Base;C:/SiliconLabs/SimplicityStudio/v5/developer/sdks/8051/v4.3.1//Device/EFM
                    -8BB52/inc) PRINT(.\src\EFM8BB52_Blinky.lst) COND PAGEWIDTH(120) PAGELENGTH(65) OBJECT(.\src\EFM8BB52_Blinky.OBJ)

line level    source

   1          // Includes
   2          //-----------------------------------------------------------------------------
   3          #include <SI_EFM8BB52_Register_Enums.h>
   4          #include <InitDevice.h>
   5          #include "VL53L1X.h"
   6          
   7          idata unsigned char I2C0_BUF_OUT[8];
   8          idata unsigned char I2C0_BUF_IN[8];
   9          
  10          void UART_send(char ch);
  11          void UART_send_str(char* str);
  12          void print_hex_byte(unsigned char byte);
  13          
  14          //-----------------------------------------------------------------------------
  15          // Delay function
  16          void delay_ms(unsigned int ms){
  17   1        volatile unsigned int i, j;
  18   1        for(i=0; i<ms; i++)
  19   1          for(j=0; j<1000; j++);
  20   1      }
  21          
  22          // UART function to print something in terminal
  23          void UART_send(char ch){
  24   1          SBUF0 = ch;
  25   1          while (!SCON0_TI);  // Wait for transmission complete
  26   1          SCON0_TI = 0;       // Clear flag
  27   1      }
  28          
  29          // UART function to print a string
  30          void UART_send_str(char* str) {
  31   1          while (*str) {
  32   2              UART_send(*str++);
  33   2          }
  34   1      }
  35          
  36          void print_hex_byte(unsigned char byte)
  37          {
  38   1          char hex_chars[] = "0123456789ABCDEF";
  39   1      
  40   1          UART_send('0');
  41   1          UART_send('x');
  42   1          UART_send(hex_chars[(byte >> 4) & 0x0F]);  // High nibble
  43   1          UART_send(hex_chars[byte & 0x0F]);         // Low nibble
  44   1          UART_send('\r');
  45   1          UART_send('\n');
  46   1      }
  47          //-----------------------------------------------------------------------------
  48          
  49          bit I2C0_transfer(unsigned int address, unsigned int *write_buf, unsigned int *read_buf, unsigned int writ
             -e_len, unsigned int read_len)
C51 COMPILER V9.60.0.0   EFM8BB52_BLINKY                                                   04/29/2025 17:06:31 PAGE 2   

  50          {
  51   1          unsigned int i;
  52   1          unsigned int timeout;
  53   1      
  54   1          // ---------- Write phase ----------
  55   1          if (write_len > 0)
  56   1          {
  57   2              SMB0CN0_STA = 1;               // Generate START
  58   2              timeout = 10000;
  59   2              while (!SMB0CN0_SI && timeout--);           // Wait for SI
  60   2              if (!timeout) {
  61   3                  UART_send_str("START timeout\r\n");
  62   3                  return 0;
  63   3              }
  64   2              SMB0CN0_SI = 0;
  65   2      
  66   2              SMB0DAT = address & ~0x01;     // Send address with write bit
  67   2              timeout = 10000;
  68   2              while (!SMB0CN0_SI && timeout--);           // Wait for ACK
  69   2              if (!timeout) {
  70   3                  UART_send_str("ADDR (write) NACK\r\n");
  71   3                  SMB0CN0_STO = 1;
  72   3                  SMB0CN0_SI = 0;
  73   3                  return 0;
  74   3              }
  75   2              SMB0CN0_SI = 0;
  76   2      
  77   2              for (i = 0; i < write_len; i++)
  78   2              {
  79   3                  SMB0DAT = write_buf[i];    // Send data
  80   3                  timeout = 10000;
  81   3                  while (!SMB0CN0_SI && timeout--);       // Wait for ACK
  82   3                  if (!timeout) {
  83   4                      UART_send_str("DATA (write) timeout\r\n");
  84   4                      SMB0CN0_STO = 1;
  85   4                      SMB0CN0_SI = 0;
  86   4                      return 0;
  87   4                  }
  88   3                  SMB0CN0_SI = 0;
  89   3              }
  90   2          }
  91   1      
  92   1          // ---------- Read phase ----------
  93   1          if (read_len > 0)
  94   1          {
  95   2              SMB0CN0_STA = 1;               // Repeated START
  96   2              timeout = 10000;
  97   2              while (!SMB0CN0_SI && timeout--);           // Wait for SI
  98   2              if (!timeout) {
  99   3                  UART_send_str("RESTART timeout\r\n");
 100   3                  return 0;
 101   3              }
 102   2              SMB0CN0_SI = 0;
 103   2      
 104   2              SMB0DAT = address | 0x01;      // Send address with read bit
 105   2              timeout = 10000;
 106   2              while (!SMB0CN0_SI && timeout--);           // Wait for ACK
 107   2              if (!timeout) {
 108   3                  UART_send_str("ADDR (read) NACK\r\n");
 109   3                  SMB0CN0_STO = 1;
 110   3                  SMB0CN0_SI = 0;
 111   3                  return 0;
 112   3              }
C51 COMPILER V9.60.0.0   EFM8BB52_BLINKY                                                   04/29/2025 17:06:31 PAGE 3   

 113   2              SMB0CN0_SI = 0;
 114   2      
 115   2              for (i = 0; i < read_len; i++)
 116   2              {
 117   3                  // If last byte, do NOT acknowledge
 118   3                  if (i == read_len - 1)
 119   3                      SMB0CN0_ACK = 0;
 120   3                  else
 121   3                      SMB0CN0_ACK = 1;
 122   3      
 123   3                  timeout = 10000;
 124   3                  while (!SMB0CN0_SI && timeout--);       // Wait for data byte
 125   3                  if (!timeout) {
 126   4                      UART_send_str("DATA (read) timeout\r\n");
 127   4                      SMB0CN0_STO = 1;
 128   4                      SMB0CN0_SI = 0;
 129   4                      return 0;
 130   4                  }
 131   3                  read_buf[i] = SMB0DAT;     // Read data
 132   3                  SMB0CN0_SI = 0;
 133   3              }
 134   2          }
 135   1      
 136   1          SMB0CN0_STO = 1;                   // Generate STOP
 137   1          SMB0CN0_SI = 0;
 138   1      
 139   1          return 1;  // Success
 140   1      }
 141          
 142          //-----------------------------------------------------------------------------
 143          // Pin Definitions
 144          //-----------------------------------------------------------------------------
 145          unsigned int dist;
 146          
 147          //-----------------------------------------------------------------------------
 148          // SiLabs_Startup() Routine
 149          // ----------------------------------------------------------------------------
 150          // This function is called immediately after reset, before the initialization
 151          // code is run in SILABS_STARTUP.A51 (which runs before main() ). This is a
 152          // useful place to disable the watchdog timer, which is enable by default
 153          // and may trigger before main() in some instances.
 154          //-----------------------------------------------------------------------------
 155          void SiLabs_Startup (void)
 156          {
 157   1        // Disable the watchdog here
 158   1      }
 159           
 160          //-----------------------------------------------------------------------------
 161          // Main Routine
 162          //-----------------------------------------------------------------------------
 163          void main (void)
 164          {
 165   1         enter_DefaultMode_from_RESET();
 166   1      
 167   1         VL53L1X_Init();
 168   1         VL53L1X_StartRanging();
 169   1         while (1) {
 170   2              dist = VL53L1X_ReadDistance();
 171   2      
 172   2              UART_send_str("Distance = ");
 173   2              print_hex_byte((dist >> 8) & 0xFF);  // High byte
 174   2              print_hex_byte(dist & 0xFF);          // Low byte
 175   2              UART_send_str("\r\n");
C51 COMPILER V9.60.0.0   EFM8BB52_BLINKY                                                   04/29/2025 17:06:31 PAGE 4   

 176   2      
 177   2              delay_ms(1000);
 178   2            }
 179   1      }


MODULE INFORMATION:   STATIC OVERLAYABLE
   CODE SIZE        =    633    ----
   CONSTANT SIZE    =    150    ----
   XDATA SIZE       =   ----    ----
   PDATA SIZE       =   ----    ----
   DATA SIZE        =      2      41
   IDATA SIZE       =     16    ----
   BIT SIZE         =   ----    ----
   EDATA SIZE       =   ----    ----
   HDATA SIZE       =   ----    ----
   XDATA CONST SIZE =   ----    ----
   FAR CONST SIZE   =   ----    ----
END OF MODULE INFORMATION.


C51 COMPILATION COMPLETE.  0 WARNING(S),  0 ERROR(S)
