C51 COMPILER V9.60.0.0   INTERRUPTS                                                        04/29/2025 17:02:15 PAGE 1   


C51 COMPILER V9.60.0.0, COMPILATION OF MODULE INTERRUPTS
OBJECT MODULE PLACED IN .\src\Interrupts.OBJ
COMPILER INVOKED BY: C:\SiliconLabs\SimplicityStudio\v5\developer\toolchains\keil_8051\9.60\BIN\C51.exe C:\Users\User\Si
                    -mplicityStudio\v5_workspace\6_Testing_I2C\src\Interrupts.c OMF2 SMALL DEBUG OBJECTEXTEND ROM(LARGE) WARNINGLEVEL(2) FLOA
                    -TFUZZY(3) OPTIMIZE(8,SPEED) DEFINE(DEBUG=1) INTVECTOR(0X0000) INTPROMOTE INCDIR(C:\Users\User\SimplicityStudio\v5_worksp
                    -ace\6_Testing_I2C\inc;C:/SiliconLabs/SimplicityStudio/v5/developer/sdks/8051/v4.3.1//kits/common/bsp;C:/SiliconLabs/Simp
                    -licityStudio/v5/developer/sdks/8051/v4.3.1//kits/EFM8BB52_BRD2701A/config;C:/SiliconLabs/SimplicityStudio/v5/developer/s
                    -dks/8051/v4.3.1//Device/shared/si8051Base;C:/SiliconLabs/SimplicityStudio/v5/developer/sdks/8051/v4.3.1//Device/EFM8BB52
                    -/inc) PRINT(.\src\Interrupts.lst) COND PAGEWIDTH(120) PAGELENGTH(65) OBJECT(.\src\Interrupts.OBJ)

line level    source

   1          //=========================================================
   2          // src/Interrupts.c: generated by Hardware Configurator
   3          //
   4          // This file will be regenerated when saving a document.
   5          // leave the sections inside the "$[...]" comment tags alone
   6          // or they will be overwritten!
   7          //=========================================================
   8          
   9                   
  10          // USER INCLUDES                        
  11          #include <SI_EFM8BB52_Register_Enums.h>
  12          //#include <bsp_config.h>
  13          
  14          //-----------------------------------------------------------------------------
  15          // Global VARIABLES
  16          //-----------------------------------------------------------------------------
  17          int LEDCOUNT = 0;
  18          
  19          //-----------------------------------------------------------------------------
  20          // TIMER2_ISR
  21          //-----------------------------------------------------------------------------
  22          //
  23          // TIMER2 ISR Content goes here. Remember to clear flag bits:
  24          // TMR2CN::TF2H (Timer # High Byte Overflow Flag)
  25          // TMR2CN::TF2L (Timer # Low Byte Overflow Flag)
  26          //
  27          // This routine changes the state of the LED whenever Timer2 overflows.
  28          //
  29          //-----------------------------------------------------------------------------
  30          /*
  31          SI_INTERRUPT(TIMER2_ISR, TIMER2_IRQn)
  32          {
  33                  TMR2CN0_TF2H = 0;                  // Clear Timer2 interrupt flag
  34                  BSP_LED0 = !BSP_LED0;                      // Change state of LED0
  35          }
  36          */


MODULE INFORMATION:   STATIC OVERLAYABLE
   CODE SIZE        =   ----    ----
   CONSTANT SIZE    =   ----    ----
   XDATA SIZE       =   ----    ----
   PDATA SIZE       =   ----    ----
   DATA SIZE        =      2    ----
   IDATA SIZE       =   ----    ----
   BIT SIZE         =   ----    ----
   EDATA SIZE       =   ----    ----
   HDATA SIZE       =   ----    ----
   XDATA CONST SIZE =   ----    ----
   FAR CONST SIZE   =   ----    ----
C51 COMPILER V9.60.0.0   INTERRUPTS                                                        04/29/2025 17:02:15 PAGE 2   

END OF MODULE INFORMATION.


C51 COMPILATION COMPLETE.  0 WARNING(S),  0 ERROR(S)
